  / [-] 1 sondes
  /explore/repos [-] 26 sondes
  /explore/users [-] 2 sondes
  /explore/organizations [-] 2 sondes
  /user/login [-] 1 sondes
  /user/sign_up [-] 1 sondes
  /a11yorg [-] 26 sondes
  /alice [-] 26 sondes
  /a11yorg/demo-repo [-] 2 sondes
  /a11yorg/demo-repo/issues [-] 7 sondes
  /a11yorg/demo-repo/pulls [-] 7 sondes
  /a11yorg/demo-repo/releases [-] 1 sondes
  /a11yorg/demo-repo/wiki/Home [-] 2 sondes
  /a11yorg/demo-repo/branches [-] 5 sondes
  /a11yorg/demo-repo/commits/branch/main [-] 2 sondes
  /a11yorg/demo-repo/milestones [-] 2 sondes
  /a11yorg/demo-repo/labels [-] 2 sondes
  /a11yorg/demo-repo/activity [-] 4 sondes
  /a11yorg/demo-repo/graph [-] 2 sondes
  /a11yorg/demo-repo/src/branch/main/main.go [-] 1 sondes
  /api/swagger [-] 1 sondes
  /nonexistent-org/repo [not-found-404] 1 sondes
  /user/login [login-failed] 1 sondes
  / [-] 20 sondes
  /issues [-] 8 sondes
  /pulls [-] 8 sondes
  /milestones [-] 5 sondes
  /notifications [-] 3 sondes
  /explore/repos [-] 28 sondes
  /repo/create [-] 15 sondes
  /org/create [-] 3 sondes
  /user/settings [-] 4 sondes
  /user/settings/account [-] 3 sondes
  /user/settings/security [-] 3 sondes
  /user/settings/applications [-] 3 sondes
  /user/settings/keys [-] 3 sondes
  /user/settings/appearance [-] 5 sondes
  /-/admin [-] 3 sondes
  /-/admin/users [-] 15 sondes
  /-/admin/users/2 [-] 3 sondes
  /-/admin/users/2/edit [-] 6 sondes
  /a11yorg/demo-repo/issues/1 [-] 33 sondes
  /a11yorg/demo-repo/issues/2 [-] 22 sondes
  /a11yorg/demo-repo/issues/new [-] 8 sondes
  /a11yorg/demo-repo/pulls/5 [-] 29 sondes
  /a11yorg/demo-repo/pulls/5/files [-] 6 sondes
  /a11yorg/demo-repo/settings [-] 6 sondes
  /a11yorg/demo-repo/projects [-] 4 sondes
  /a11yorg/demo-repo/actions [-] 3 sondes
  /a11yorg/demo-repo/issues/4 [-] 22 sondes
  / [navbar-user-dropdown] 22 sondes
  / [navbar-create-dropdown] 21 sondes
  / [footer-language-dropdown] 20 sondes
  /a11yorg/demo-repo [repo-clone-panel] 8 sondes
  /a11yorg/demo-repo [repo-branch-dropdown] 5 sondes
  /a11yorg/demo-repo/issues/1 [issue-labels-dropdown] 42 sondes
  /a11yorg/demo-repo/issues/1 [issue-milestone-dropdown] 34 sondes
  /a11yorg/demo-repo/issues/1 [issue-assignees-dropdown] 38 sondes
  /a11yorg/demo-repo/issues/1 [comment-context-menu] 33 sondes
  /a11yorg/demo-repo/issues/1 [comment-edit-form] 40 sondes
  /a11yorg/demo-repo/issues/1 [markdown-preview-tab] 31 sondes
  /a11yorg/demo-repo/issues/1 [comment-delete-menu] 33 sondes
  /a11yorg/demo-repo/issues/1 [reference-issue-modal] 31 sondes
  /a11yorg/demo-repo/issues/1 [reaction-picker] 33 sondes
  /a11yorg/demo-repo/pulls/5/files [review-dropdown] 10 sondes
  /a11yorg/demo-repo/pulls/5/files [diff-options-dropdown] 6 sondes
  /a11yorg/demo-repo/pulls/5/files [diff-line-comment-form] 6 sondes
  /a11yorg/demo-repo/issues/1 [lock-conversation-modal] 30 sondes
  /a11yorg/demo-repo/issues/1 [delete-issue-modal] 29 sondes
  /-/admin/users/2/edit [admin-delete-user-modal] 6 sondes
  /alice [block-user-modal] 28 sondes
  / [navbar-mobile] 20 sondes
  / [dark-theme] 20 sondes
