[scan] http://localhost:9700/app/accounts/1/dashboard — 0 règle(s) violée(s), 2 incomplete
[scan] http://localhost:9700/app/accounts/1/inbox-view — 0 règle(s) violée(s), 1 incomplete
[scan] http://localhost:9700/app/accounts/1/inbox/1 — 0 règle(s) violée(s), 2 incomplete
[scan] http://localhost:9700/app/accounts/1/conversations/1 — 1 règle(s) violée(s), 2 incomplete
[scan] http://localhost:9700/app/accounts/1/conversations/2 — 1 règle(s) violée(s), 2 incomplete
[scan] http://localhost:9700/app/accounts/1/contacts — 0 règle(s) violée(s), 2 incomplete
[scan] http://localhost:9700/app/accounts/1/contacts/1 — 1 règle(s) violée(s), 1 incomplete
[scan] http://localhost:9700/app/accounts/1/label/urgent — 0 règle(s) violée(s), 2 incomplete
[scan] http://localhost:9700/app/accounts/1/reports/overview — 2 règle(s) violée(s), 2 incomplete
[scan] http://localhost:9700/app/accounts/1/profile — 1 règle(s) violée(s), 1 incomplete
[scan] http://localhost:9700/app/accounts/1/settings/agents/list — 0 règle(s) violée(s), 1 incomplete
[scan] http://localhost:9700/app/accounts/1/settings/inboxes/list — 0 règle(s) violée(s), 1 incomplete
[scan] http://localhost:9700/app/accounts/1/settings/labels/list — 0 règle(s) violée(s), 1 incomplete
[scan] http://localhost:9700/app/accounts/1/settings/teams/list — 0 règle(s) violée(s), 1 incomplete
[scan] http://localhost:9700/app/accounts/1/settings/general — 0 règle(s) violée(s), 2 incomplete
[scan] http://localhost:9700/app/accounts/1/conversations/1 [state:conv-thread] — 1 règle(s) violée(s), 2 incomplete
[scan] http://localhost:9700/app/accounts/1/dashboard [state:profile-menu] — 2 règle(s) violée(s), 2 incomplete
[scan] http://localhost:9700/app/accounts/1/inbox-view [state:notifications-panel] — 0 règle(s) violée(s), 1 incomplete
[scan] http://localhost:9700/app/accounts/1/dashboard [state:command-bar] — 0 règle(s) violée(s), 2 incomplete
[scan] http://localhost:9700/app/accounts/1/conversations/1 [state:inbox-filters] — 1 règle(s) violée(s), 2 incomplete
[scan] http://localhost:9700/app/accounts/1/dashboard [state:mobile-390] — 0 règle(s) violée(s), 2 incomplete
[scan] http://localhost:9700/route-c56-inexistante [state:route-404] — 0 règle(s) violée(s), 1 incomplete

/home/ubuntu/repos/accessibilite-conformite/boucle-continue/cycles/chatwoot/reports/final-auth/report.md — 6 règle(s), 11 occurrence(s), 0 erreur(s), 80 incomplet(s)
