npm warn deprecated inflight@1.0.6: This module is not supported, and leaks memory. Do not use it. Check out lru-cache if you want a good and tested way to coalesce async requests by a key value, which is much more comprehensive and powerful.
npm warn deprecated whatwg-encoding@3.1.1: Use @exodus/bytes instead for a more spec-conformant and faster implementation
npm warn deprecated @humanwhocodes/config-array@0.13.0: Use @eslint/config-array instead
npm warn deprecated rimraf@3.0.2: Rimraf versions prior to v4 are no longer supported
npm warn deprecated glob@7.2.3: Old versions of glob are not supported, and contain widely publicized security vulnerabilities, which have been fixed in the current version. Please update. Support for old versions may be purchased (at exorbitant rates) by contacting i@izs.me
npm warn deprecated @humanwhocodes/object-schema@2.0.3: Use @eslint/object-schema instead
npm warn deprecated sourcemap-codec@1.4.8: Please use @jridgewell/sourcemap-codec instead
npm warn deprecated uuid@3.4.0: Please upgrade  to version 7 or higher.  Older versions may use Math.random() in certain circumstances, which is known to be problematic.  See https://v8.dev/blog/math-random for details.
npm warn deprecated uuid@3.4.0: Please upgrade  to version 7 or higher.  Older versions may use Math.random() in certain circumstances, which is known to be problematic.  See https://v8.dev/blog/math-random for details.
npm warn deprecated source-map@0.8.0-beta.0: The work that was done in this beta branch won't be included in future versions
npm warn deprecated json-schema-ref-parser@7.1.3: Please switch to @apidevtools/json-schema-ref-parser
npm warn deprecated glob@11.1.0: Old versions of glob are not supported, and contain widely publicized security vulnerabilities, which have been fixed in the current version. Please update. Support for old versions may be purchased (at exorbitant rates) by contacting i@izs.me
npm warn deprecated glob@11.1.0: Old versions of glob are not supported, and contain widely publicized security vulnerabilities, which have been fixed in the current version. Please update. Support for old versions may be purchased (at exorbitant rates) by contacting i@izs.me
npm warn deprecated @material-ui/styles@4.11.5: Material UI v4 doesn't receive active development since September 2021. See the guide https://mui.com/material-ui/migration/migration-v4/ to upgrade to v5.
npm warn deprecated react-image-lightbox@5.1.4: Package no longer supported. Contact Support at https://www.npmjs.com/support for more info.
npm warn deprecated @material-ui/pickers@3.3.11: This package no longer supported. It has been relaced by @mui/x-date-pickers
npm warn deprecated @material-ui/lab@4.0.0-alpha.61: Material UI v4 doesn't receive active development since September 2021. See the guide https://mui.com/material-ui/migration/migration-v4/ to upgrade to v5.
npm warn deprecated eslint@8.57.1: This version is no longer supported. Please see https://eslint.org/version-support for other options.
npm warn deprecated core-js@2.6.12: core-js@<3.23.3 is no longer maintained and not recommended for usage due to the number of issues. Because of the V8 engine whims, feature detection in old core-js versions could cause a slowdown up to 100x even if nothing is polyfilled. Some versions have web compatibility issues. Please, upgrade your dependencies to the actual version of core-js.
npm warn deprecated @material-ui/core@4.12.4: Material UI v4 doesn't receive active development since September 2021. See the guide https://mui.com/material-ui/migration/migration-v4/ to upgrade to v5.

> postinstall
> bin/update-workbox.sh && node bin/patch-ra-a11y.mjs

The Workbox libraries were copied to /home/ubuntu/boucle-runs/navidrome/clean-checkout/ui/build/3rdparty/workbox-v7.4.0
Add a call to workbox.setConfig({modulePathPrefix: '...'}) to your service worker to use these local libraries.
See https://goo.gl/Fo9gPX for further documentation.
[patch-ra-a11y] pattern not found in lib/list/datagrid/DatagridHeader.js: React.createElement(TableCell, { padding: "checkbox", className: classes.headerC
[patch-ra-a11y] pattern not found in lib/list/datagrid/DatagridLoading.js: React.createElement(Checkbox, { className: "select-all", color: "primary", check
[patch-ra-a11y] pattern not found in lib/list/BulkActionsToolbar.js: React.createElement(Typography, { color: "inherit", variant: "subtitle1" }
[patch-ra-a11y] pattern not found in esm/list/datagrid/DatagridHeader.js: React.createElement(core_1.TableCell, { padding: "checkbox", className: classes.
[patch-ra-a11y] pattern not found in esm/list/datagrid/DatagridLoading.js: React.createElement(core_1.Checkbox, { className: "select-all", color: "primary"
[patch-ra-a11y] pattern not found in esm/list/BulkActionsToolbar.js: React.createElement(Typography_1.default, { color: "inherit", variant: "subtitle
[patch-ra-a11y] 20 replacement(s) applied, 0 file(s) missing

added 966 packages, and audited 967 packages in 1m

226 packages are looking for funding
  run `npm fund` for details

50 vulnerabilities (4 low, 14 moderate, 32 high)

To address issues that do not require attention, run:
  npm audit fix

To address all issues possible (including breaking changes), run:
  npm audit fix --force

Some issues need review, and may require choosing
a different dependency.

Run `npm audit` for details.
npm ci: 0

> build
> vite build

vite v7.3.2 building client environment for production...
transforming...
[plugin vite:resolve] Module "url" has been externalized for browser compatibility, imported by "/home/ubuntu/boucle-runs/navidrome/clean-checkout/ui/node_modules/json-schema-ref-parser/lib/util/url.js". See https://vite.dev/guide/troubleshooting.html#module-externalized-for-browser-compatibility for more details.
[plugin vite:resolve] Module "http" has been externalized for browser compatibility, imported by "/home/ubuntu/boucle-runs/navidrome/clean-checkout/ui/node_modules/json-schema-ref-parser/lib/resolvers/http.js". See https://vite.dev/guide/troubleshooting.html#module-externalized-for-browser-compatibility for more details.
[plugin vite:resolve] Module "https" has been externalized for browser compatibility, imported by "/home/ubuntu/boucle-runs/navidrome/clean-checkout/ui/node_modules/json-schema-ref-parser/lib/resolvers/http.js". See https://vite.dev/guide/troubleshooting.html#module-externalized-for-browser-compatibility for more details.
✓ 8949 modules transformed.
rendering chunks...
computing gzip size...
build/manifest.webmanifest                            0.45 kB
build/index.html                                      2.43 kB │ gzip:   1.05 kB
build/assets/android-icon-192x192-D_ka5daf.png        9.88 kB
build/assets/index-uCXnEN-G.css                      43.27 kB │ gzip:   7.27 kB
build/assets/workbox-window.prod.es5-BIl4cyR9.js      5.82 kB │ gzip:   2.41 kB │ map:     13.64 kB
build/assets/index-D73BcHar.js                    2,708.78 kB │ gzip: 788.67 kB │ map: 30,782.92 kB

(!) Some chunks are larger than 500 kB after minification. Consider:
- Using dynamic import() to code-split the application
- Use build.rollupOptions.output.manualChunks to improve chunking: https://rollupjs.org/configuration-options/#output-manualchunks
- Adjust chunk size limit for this warning via build.chunkSizeWarningLimit.
✓ built in 14.07s

PWA v1.2.0
Building src/sw.js service worker ("es" format)...
vite v7.3.2 building client environment for production...
transforming...
✓ 2 modules transformed.
rendering chunks...
computing gzip size...
build/sw.mjs  0.93 kB │ gzip: 0.50 kB │ map: 3.38 kB
✓ built in 17ms

PWA v1.2.0
mode      injectManifest
format:   es
precache  13 entries (2715.58 KiB)
files generated
  build/sw.js
  build/sw.js.map
npm build: 0
go build: 0
