PASS banner role — banner
PASS un seul main — count=1
PASS contentinfo role — contentinfo
PASS sidebar complementary+label — complementary/Sidebar
PASS top-menu nav nommé — Top menu
PASS main-menu navigation nommée — navigation/Main menu
PASS flyout nav nommée — NAV/Menu
PASS quick-search role=search — search
PASS ajax-indicator role=status — status
PASS landmarks nav uniques — ["Menu","Top menu","Main menu"]
PASS check_all nommé (label, pas title-only) — Select all
PASS checkbox ligne nommée — Select issue #15
PASS th actions a un texte sr — Actions
PASS bouton add-selected-columns nommé — Add selected columns
PASS bouton move-top nommé — Move to top
PASS select opérateur filtre nommé — Operator: Author
PASS select valeur filtre nommé — Value: Author
PASS contraste footer >= 4.5 — ratio 6.09 fg=rgb(24, 100, 171) bg=255,255,255,1
PASS contraste pagination >= 4.5 — ratio 8.18 fg=rgb(73, 80, 87) bg=255,255,255,1
PASS contraste other-formats a >= 4.5 — ratio 6.09 fg=rgb(24, 100, 171) bg=255,255,255,1
PASS contraste avatar initiales >= 4.5 — ratio 8.17 fg=rgb(0, 0, 0) bg=253,126,20,1
PASS footer liens soulignés — underline
PASS other-formats liens soulignés — underline
PASS avatar role=img aria-label — {"al":"Admin Redmine","txt":"AR"}
PASS lien query sidebar >=24px — h=28.0
PASS icon-clear-query présente — absente
PASS icon-clear-query >=24px — h=28.0
PASS sidebar h2 (pas h3) — h2=1 h3=0
PASS lien a.issue présent (relations) — underline
PASS liens a.issue soulignés — underline
PASS textarea notes nommée — Notes
PASS modale jQuery UI role=dialog — dialog
PASS input file attachments nommé — File
PASS gantt select mois nommé — Month
PASS gantt select année nommé — Year
PASS gantt champ months labellé — 1
PASS login sans tabindex — []
PASS login labels for — u=1 p=1
PASS h1 présent à 390px (visually-hidden) — {"disp":"flex","vis":"visible","clip":"inset(50%)","btnLabel":"Toggle menu"}
PASS bouton menu mobile nommé — Toggle menu
PASS cible reciblage hors menu trouvée — {"px":35,"py":394.859375,"row":1}
PASS F-v2-1 menu reciblée sur B — posB=(35,1) vs A=(916,1) sel=true
PASS F-v2-2 Escape ferme le menu — open=false
PASS F-v2-2 inert levé après Escape — inert=false
PASS F-v2-2 focus restauré sur déclencheur — icon-only icon-actions js-contextmenu 
PASS R3 contextmenu synthétique : pas d'exception
PASS R3 inert jamais fuit sous menu modal — inert=true open=true
PASS R1 clic glyphe svg (autre ligne) : menu reciblé — pick=3 {"open":true,"sel":3,"inert":true}
PASS R2 clic lien : navigation réelle — http://localhost:6802/issues/11?tab=time_entries
PASS R2 inert levé après navigation — {"inert":false,"menuOpen":false}
PASS W-v2-5 tous les th scopés sur /help/wiki_syntax — {"total":27,"missing":0,"row":13,"col":3,"colgroup":11}
PASS W-v2-4 a.lost_password >=24px (/login) — {"h":24,"w":96}
VERIFY: 0 FAIL
