PASS banner role — banner
PASS un seul main — count=1
PASS contentinfo role — contentinfo
PASS sidebar complementary+label — complementary/Sidebar
PASS top-menu nav nommé — Top menu
PASS main-menu navigation nommée — navigation/Main menu
PASS flyout nav nommée — NAV/Menu
PASS quick-search role=search — search
PASS ajax-indicator role=status — status
PASS landmarks nav uniques — ["Menu","Top menu","Main menu"]
PASS check_all nommé (label, pas title-only) — Select all
PASS checkbox ligne nommée — Select issue #15
PASS th actions a un texte sr — Actions
PASS bouton add-selected-columns nommé — Add selected columns
PASS bouton move-top nommé — Move to top
PASS select opérateur filtre nommé — Operator: Author
PASS select valeur filtre nommé — Value: Author
PASS contraste footer >= 4.5 — ratio 6.09 fg=rgb(24, 100, 171) bg=255,255,255,1
PASS contraste pagination >= 4.5 — ratio 8.18 fg=rgb(73, 80, 87) bg=255,255,255,1
PASS contraste other-formats a >= 4.5 — ratio 6.09 fg=rgb(24, 100, 171) bg=255,255,255,1
PASS contraste avatar initiales >= 4.5 — ratio 8.17 fg=rgb(0, 0, 0) bg=253,126,20,1
PASS footer liens soulignés — underline
PASS other-formats liens soulignés — underline
PASS avatar role=img aria-label — {"al":"Admin Redmine","txt":"AR"}
PASS lien query sidebar >=24px — h=28.0
PASS icon-clear-query >=24px — h=undefined
PASS sidebar h2 (pas h3) — h2=1 h3=0
PASS liens a.issue soulignés — absent
PASS textarea notes nommée — Notes
PASS input file attachments nommé — File
PASS gantt select mois nommé — Month
PASS gantt select année nommé — Year
PASS gantt champ months labellé — 1
PASS login sans tabindex — []
PASS login labels for — u=1 p=1
PASS h1 présent à 390px (visually-hidden) — {"disp":"flex","vis":"visible","clip":"inset(50%)","btnLabel":"Toggle menu"}
PASS bouton menu mobile nommé — Toggle menu
VERIFY: 0 FAIL
