[scan] http://localhost:8081/about — 0 règle(s) violée(s)
[scan] http://localhost:8081/api — 0 règle(s) violée(s), 1 incomplete
[scan] http://localhost:8081/barcodescannertesting — 0 règle(s) violée(s)
[scan] http://localhost:8081/batteries — 0 règle(s) violée(s), 1 incomplete
[scan] http://localhost:8081/batteriesjournal — 0 règle(s) violée(s), 2 incomplete
[scan] http://localhost:8081/batteriesoverview — 0 règle(s) violée(s), 2 incomplete
[scan] http://localhost:8081/batteriessettings — 0 règle(s) violée(s)
[scan] http://localhost:8081/battery/1 — 0 règle(s) violée(s), 1 incomplete
[scan] http://localhost:8081/batterytracking — 0 règle(s) violée(s), 1 incomplete
[scan] http://localhost:8081/calendar — 0 règle(s) violée(s), 1 incomplete
[scan] http://localhost:8081/chore/1 — 0 règle(s) violée(s), 1 incomplete
[scan] http://localhost:8081/chores — 0 règle(s) violée(s), 1 incomplete
[scan] http://localhost:8081/choresjournal — 0 règle(s) violée(s), 2 incomplete
[scan] http://localhost:8081/choresoverview — 0 règle(s) violée(s), 2 incomplete
[scan] http://localhost:8081/choressettings — 0 règle(s) violée(s)
[scan] http://localhost:8081/choretracking — 0 règle(s) violée(s), 1 incomplete
[scan] http://localhost:8081/consume — 0 règle(s) violée(s), 1 incomplete
[scan] http://localhost:8081/equipment — 0 règle(s) violée(s), 2 incomplete
[scan] http://localhost:8081/equipment/1 — 0 règle(s) violée(s), 1 incomplete
[scan] http://localhost:8081/inventory — 0 règle(s) violée(s), 1 incomplete
[scan] http://localhost:8081/location/1 — 0 règle(s) violée(s)
[scan] http://localhost:8081/locationcontentsheet — 0 règle(s) violée(s)
[scan] http://localhost:8081/locations — 0 règle(s) violée(s), 1 incomplete
[scan] http://localhost:8081/manageapikeys — 0 règle(s) violée(s), 1 incomplete
[scan] http://localhost:8081/mealplan — 0 règle(s) violée(s), 2 incomplete
[scan] http://localhost:8081/mealplansection/1 — 0 règle(s) violée(s)
[scan] http://localhost:8081/mealplansections — 0 règle(s) violée(s), 1 incomplete
[scan] http://localhost:8081/product/1 — 0 règle(s) violée(s), 4 incomplete
[scan] http://localhost:8081/productbarcodes/1 — 0 règle(s) violée(s), 1 incomplete
[scan] http://localhost:8081/productgroup/1 — 0 règle(s) violée(s), 1 incomplete
[scan] http://localhost:8081/productgroups — 0 règle(s) violée(s), 1 incomplete
[scan] http://localhost:8081/products — 0 règle(s) violée(s), 2 incomplete
[scan] http://localhost:8081/purchase — 0 règle(s) violée(s), 1 incomplete
[scan] http://localhost:8081/quantityunit/1 — 0 règle(s) violée(s), 1 incomplete
[scan] http://localhost:8081/quantityunitconversion/1 — 0 règle(s) violée(s), 1 incomplete
[scan] http://localhost:8081/quantityunitconversionsresolved — 0 règle(s) violée(s), 2 incomplete
[scan] http://localhost:8081/quantityunitpluraltesting — 0 règle(s) violée(s), 1 incomplete
[scan] http://localhost:8081/quantityunits — 0 règle(s) violée(s), 1 incomplete
[scan] http://localhost:8081/recipe/1 — 0 règle(s) violée(s), 3 incomplete
[scan] http://localhost:8081/recipe/1/pos/1 — 0 règle(s) violée(s), 1 incomplete
[scan] http://localhost:8081/recipes — 0 règle(s) violée(s), 2 incomplete
[scan] http://localhost:8081/recipessettings — 0 règle(s) violée(s)
[scan] http://localhost:8081/shoppinglist — 0 règle(s) violée(s), 3 incomplete
[scan] http://localhost:8081/shoppinglist/1 — 0 règle(s) violée(s)
[scan] http://localhost:8081/shoppinglistitem/1 — 0 règle(s) violée(s), 1 incomplete
[scan] http://localhost:8081/shoppinglistsettings — 0 règle(s) violée(s)
[scan] http://localhost:8081/shoppinglocation/1 — 0 règle(s) violée(s), 1 incomplete
[scan] http://localhost:8081/shoppinglocations — 0 règle(s) violée(s), 1 incomplete
[scan] http://localhost:8081/stockentries — 0 règle(s) violée(s), 2 incomplete
[scan] http://localhost:8081/stockentry/1 — 0 règle(s) violée(s)
[scan] http://localhost:8081/stockjournal — 0 règle(s) violée(s), 2 incomplete
[scan] http://localhost:8081/stockjournal/summary — 0 règle(s) violée(s), 2 incomplete
[scan] http://localhost:8081/stockoverview — 0 règle(s) violée(s), 2 incomplete
[scan] http://localhost:8081/stockreports/spendings — 0 règle(s) violée(s), 2 incomplete
[scan] http://localhost:8081/stocksettings — 0 règle(s) violée(s), 1 incomplete
[scan] http://localhost:8081/task/2 — 0 règle(s) violée(s), 1 incomplete
[scan] http://localhost:8081/taskcategories — 0 règle(s) violée(s), 1 incomplete
[scan] http://localhost:8081/taskcategory/1 — 0 règle(s) violée(s), 1 incomplete
[scan] http://localhost:8081/tasks — 0 règle(s) violée(s), 2 incomplete
[scan] http://localhost:8081/taskssettings — 0 règle(s) violée(s)
[scan] http://localhost:8081/user/1 — 0 règle(s) violée(s)
[scan] http://localhost:8081/user/1/permissions — 0 règle(s) violée(s)
[scan] http://localhost:8081/user/1/sessions — 0 règle(s) violée(s), 2 incomplete
[scan] http://localhost:8081/userentities — 0 règle(s) violée(s), 1 incomplete
[scan] http://localhost:8081/userentity/1 — 0 règle(s) violée(s)
[scan] http://localhost:8081/userfield/1 — 0 règle(s) violée(s), 1 incomplete
[scan] http://localhost:8081/userfields — 0 règle(s) violée(s), 2 incomplete
[scan] http://localhost:8081/userobject/exampleuserentity/1 — 0 règle(s) violée(s)
[scan] http://localhost:8081/userobjects/exampleuserentity — 0 règle(s) violée(s), 1 incomplete
[scan] http://localhost:8081/users — 0 règle(s) violée(s), 1 incomplete
[scan] http://localhost:8081/usersettings — 0 règle(s) violée(s), 1 incomplete
[scan] http://localhost:8081/stockoverview [state:header-user-menu] — 0 règle(s) violée(s), 2 incomplete
[scan] http://localhost:8081/stockoverview [state:view-settings-menu] — 0 règle(s) violée(s), 2 incomplete
[scan] http://localhost:8081/stockoverview [state:settings-menu] — 0 règle(s) violée(s), 2 incomplete
[scan] http://localhost:8081/stockoverview [state:about-iframe-dialog] — 0 règle(s) violée(s), 3 incomplete
[scan] http://localhost:8081/products [state:delete-confirm] — 0 règle(s) violée(s), 2 incomplete
[scan] http://localhost:8081/purchase [state:combobox-open] — 0 règle(s) violée(s), 1 incomplete
[scan] http://localhost:8081/purchase [state:datepicker-open] — 0 règle(s) violée(s), 1 incomplete
[scan] http://localhost:8081/choresoverview [state:chores-filter-expanded] — 0 règle(s) violée(s), 2 incomplete
[scan] http://localhost:8081/choresoverview [state:chore-reschedule-modal] — 0 règle(s) violée(s), 1 incomplete
[scan] http://localhost:8081/stockoverview [state:night-mode] — 0 règle(s) violée(s), 2 incomplete
[scan] http://localhost:8081/products [state:night-mode-dialog] — 0 règle(s) violée(s), 2 incomplete
[scan] http://localhost:8081/stockoverview [state:mobile-nav-390] — 0 règle(s) violée(s), 2 incomplete
[scan] http://localhost:8081/login [state:login-failed] — 0 règle(s) violée(s)

/home/ubuntu/repos/accessibilite-conformite/boucle-continue/cycles/grocy/reports/install-build/report.md — 0 règle(s), 0 occurrence(s), 0 erreur(s), 466 incomplet(s)
